checkpoint soup | A=notebooks/symmetry_tta_v3_soup/output/cross_tta_s42_01/stageb_v3/checkpoints/step_00600.pt | B=notebooks/v2_soup_lb_5522/output/v2_soup_s42_01/stageb_v2/checkpoints/step_02000.pt
blend: theta = (1-alpha)*B + alpha*A  | alphas=[0.05, 0.08, 0.1, 0.12, 0.15, 0.18, 0.2]
symmetry_tta=True
OUT=notebooks/symmetry_tta_v3_soup/output/cross_v3_600_x_v2_tta
loading 141,261 texts...
  items scan: 23,294/141,261 ids (7s)
  items scan: 48,122/141,261 ids (13s)
  items scan: 75,590/141,261 ids (18s)
  items scan: 102,153/141,261 ids (25s)
  items scan: 132,747/141,261 ids (32s)
loaded 141,261 texts in 35s
gray=45,831 tune=36,609
Warning: You are sending unauthenticated requests to the HF Hub. Please set a HF_TOKEN to enable higher rate limits and faster downloads.
Loading weights:   0%|          | 0/389 [00:00<?, ?it/s]Loading weights: 100%|██████████| 389/389 [00:00<00:00, 24388.40it/s]
[transformers] [1mXLMRobertaForSequenceClassification LOAD REPORT[0m from: deepvk/USER-bge-m3
Key                        | Status     | 
---------------------------+------------+-
pooler.dense.bias          | UNEXPECTED | 
pooler.dense.weight        | UNEXPECTED | 
classifier.dense.bias      | MISSING    | 
classifier.dense.weight    | MISSING    | 
classifier.out_proj.weight | MISSING    | 
classifier.out_proj.bias   | MISSING    | 

Notes:
- UNEXPECTED:	can be ignored when loading from different task/architecture; not ok if you expect identical arch.
- MISSING:	those params were newly initialized because missing from the checkpoint. Consider training on your downstream task.
  alpha=0.05 (B=0.95): gray=0.5502 problem=0.6411 tune=0.8014 score=0.6459  [318.5s]
Loading weights:   0%|          | 0/389 [00:00<?, ?it/s]Loading weights: 100%|██████████| 389/389 [00:00<00:00, 9752.56it/s]
[transformers] [1mXLMRobertaForSequenceClassification LOAD REPORT[0m from: deepvk/USER-bge-m3
Key                        | Status     | 
---------------------------+------------+-
pooler.dense.bias          | UNEXPECTED | 
pooler.dense.weight        | UNEXPECTED | 
classifier.dense.bias      | MISSING    | 
classifier.dense.weight    | MISSING    | 
classifier.out_proj.weight | MISSING    | 
classifier.out_proj.bias   | MISSING    | 

Notes:
- UNEXPECTED:	can be ignored when loading from different task/architecture; not ok if you expect identical arch.
- MISSING:	those params were newly initialized because missing from the checkpoint. Consider training on your downstream task.
  alpha=0.08 (B=0.92): gray=0.5514 problem=0.6397 tune=0.8008 score=0.6454  [315.8s]
Loading weights:   0%|          | 0/389 [00:00<?, ?it/s]Loading weights: 100%|██████████| 389/389 [00:00<00:00, 9913.26it/s]
[transformers] [1mXLMRobertaForSequenceClassification LOAD REPORT[0m from: deepvk/USER-bge-m3
Key                        | Status     | 
---------------------------+------------+-
pooler.dense.bias          | UNEXPECTED | 
pooler.dense.weight        | UNEXPECTED | 
classifier.dense.bias      | MISSING    | 
classifier.dense.weight    | MISSING    | 
classifier.out_proj.weight | MISSING    | 
classifier.out_proj.bias   | MISSING    | 

Notes:
- UNEXPECTED:	can be ignored when loading from different task/architecture; not ok if you expect identical arch.
- MISSING:	those params were newly initialized because missing from the checkpoint. Consider training on your downstream task.
  alpha=0.10 (B=0.90): gray=0.5523 problem=0.6389 tune=0.8005 score=0.6452  [316.6s]
Loading weights:   0%|          | 0/389 [00:00<?, ?it/s]Loading weights: 100%|██████████| 389/389 [00:00<00:00, 10421.26it/s]
[transformers] [1mXLMRobertaForSequenceClassification LOAD REPORT[0m from: deepvk/USER-bge-m3
Key                        | Status     | 
---------------------------+------------+-
pooler.dense.bias          | UNEXPECTED | 
pooler.dense.weight        | UNEXPECTED | 
classifier.dense.bias      | MISSING    | 
classifier.dense.weight    | MISSING    | 
classifier.out_proj.weight | MISSING    | 
classifier.out_proj.bias   | MISSING    | 

Notes:
- UNEXPECTED:	can be ignored when loading from different task/architecture; not ok if you expect identical arch.
- MISSING:	those params were newly initialized because missing from the checkpoint. Consider training on your downstream task.
  alpha=0.12 (B=0.88): gray=0.5533 problem=0.6380 tune=0.8001 score=0.6450  [316.1s]
Loading weights:   0%|          | 0/389 [00:00<?, ?it/s]Loading weights: 100%|██████████| 389/389 [00:00<00:00, 9745.17it/s]
[transformers] [1mXLMRobertaForSequenceClassification LOAD REPORT[0m from: deepvk/USER-bge-m3
Key                        | Status     | 
---------------------------+------------+-
pooler.dense.bias          | UNEXPECTED | 
pooler.dense.weight        | UNEXPECTED | 
classifier.dense.bias      | MISSING    | 
classifier.dense.weight    | MISSING    | 
classifier.out_proj.weight | MISSING    | 
classifier.out_proj.bias   | MISSING    | 

Notes:
- UNEXPECTED:	can be ignored when loading from different task/architecture; not ok if you expect identical arch.
- MISSING:	those params were newly initialized because missing from the checkpoint. Consider training on your downstream task.
  alpha=0.15 (B=0.85): gray=0.5546 problem=0.6366 tune=0.7995 score=0.6446  [317.6s]
Loading weights:   0%|          | 0/389 [00:00<?, ?it/s]Loading weights: 100%|██████████| 389/389 [00:00<00:00, 10291.05it/s]
[transformers] [1mXLMRobertaForSequenceClassification LOAD REPORT[0m from: deepvk/USER-bge-m3
Key                        | Status     | 
---------------------------+------------+-
pooler.dense.bias          | UNEXPECTED | 
pooler.dense.weight        | UNEXPECTED | 
classifier.dense.bias      | MISSING    | 
classifier.dense.weight    | MISSING    | 
classifier.out_proj.weight | MISSING    | 
classifier.out_proj.bias   | MISSING    | 

Notes:
- UNEXPECTED:	can be ignored when loading from different task/architecture; not ok if you expect identical arch.
- MISSING:	those params were newly initialized because missing from the checkpoint. Consider training on your downstream task.
  alpha=0.18 (B=0.82): gray=0.5562 problem=0.6348 tune=0.7988 score=0.6440  [316.9s]
Loading weights:   0%|          | 0/389 [00:00<?, ?it/s]Loading weights: 100%|██████████| 389/389 [00:00<00:00, 9885.51it/s]
[transformers] [1mXLMRobertaForSequenceClassification LOAD REPORT[0m from: deepvk/USER-bge-m3
Key                        | Status     | 
---------------------------+------------+-
pooler.dense.bias          | UNEXPECTED | 
pooler.dense.weight        | UNEXPECTED | 
classifier.dense.bias      | MISSING    | 
classifier.dense.weight    | MISSING    | 
classifier.out_proj.weight | MISSING    | 
classifier.out_proj.bias   | MISSING    | 

Notes:
- UNEXPECTED:	can be ignored when loading from different task/architecture; not ok if you expect identical arch.
- MISSING:	those params were newly initialized because missing from the checkpoint. Consider training on your downstream task.
  alpha=0.20 (B=0.80): gray=0.5570 problem=0.6337 tune=0.7983 score=0.6436  [316.1s]

BEST alpha=0.05 score=0.6459
Loading weights:   0%|          | 0/389 [00:00<?, ?it/s]Loading weights: 100%|██████████| 389/389 [00:00<00:00, 10709.45it/s]
[transformers] [1mXLMRobertaForSequenceClassification LOAD REPORT[0m from: deepvk/USER-bge-m3
Key                        | Status     | 
---------------------------+------------+-
pooler.dense.bias          | UNEXPECTED | 
pooler.dense.weight        | UNEXPECTED | 
classifier.dense.bias      | MISSING    | 
classifier.dense.weight    | MISSING    | 
classifier.out_proj.weight | MISSING    | 
classifier.out_proj.bias   | MISSING    | 

Notes:
- UNEXPECTED:	can be ignored when loading from different task/architecture; not ok if you expect identical arch.
- MISSING:	those params were newly initialized because missing from the checkpoint. Consider training on your downstream task.
Writing model shards:   0%|          | 0/1 [00:00<?, ?it/s]Writing model shards: 100%|██████████| 1/1 [00:01<00:00,  1.61s/it]Writing model shards: 100%|██████████| 1/1 [00:01<00:00,  1.61s/it]
saved notebooks/symmetry_tta_v3_soup/output/cross_v3_600_x_v2_tta/best.pt notebooks/symmetry_tta_v3_soup/output/cross_v3_600_x_v2_tta/export_fp16/ metrics.json
